15:40:48 **** Clean-only build of configuration Debug for project 4_Digit_Display _Counter ****
make -j8 clean 
rm -rf ./Startup/startup_stm32f103xb.d ./Startup/startup_stm32f103xb.o
rm -rf ./Peripheral/Src/gpio.d ./Peripheral/Src/gpio.o ./Peripheral/Src/rcc.d ./Peripheral/Src/rcc.o ./Peripheral/Src/uart.d ./Peripheral/Src/uart.o
rm -rf ./Core/Src/main.d ./Core/Src/main.o ./Core/Src/printf_redirect.d ./Core/Src/printf_redirect.o ./Core/Src/system_stm32f1xx.d ./Core/Src/system_stm32f1xx.o
rm -rf ./Application/4_digit_display/Src/tm1637.d ./Application/4_digit_display/Src/tm1637.o
rm -rf 4_Digit_Display\ _US.bin 4_Digit_Display\ _US.elf 4_Digit_Display\ _US.list 4_Digit_Display\\ _US.elf default.size.stdout
 
15:40:49 **** Build of configuration Debug for project 4_Digit_Display _Counter ****
make -j8 all 
arm-none-eabi-gcc -mcpu=cortex-m3 -g3 -DDEBUG -c -x assembler-with-cpp -MMD -MP -MF"Startup/startup_stm32f103xb.d" -MT"Startup/startup_stm32f103xb.o" --specs=nano.specs -mfloat-abi=soft -mthumb -o "Startup/startup_stm32f103xb.o" "../Startup/startup_stm32f103xb.s"
arm-none-eabi-gcc "../Peripheral/Src/gpio.c" -mcpu=cortex-m3 -std=gnu11 -g3 -DDEBUG -DSTM32F103xB -c -I../Inc -I"D:/Git_Temple/STM32_F1_Register/4_Digit_Display _Counter/CMSIS/Include" -I"D:/Git_Temple/STM32_F1_Register/4_Digit_Display _Counter/Core/Inc" -I"D:/Git_Temple/STM32_F1_Register/4_Digit_Display _Counter/Peripheral/Inc" -I"D:/Git_Temple/STM32_F1_Register/4_Digit_Display _Counter/Application/4_digit_display/Inc" -O0 -ffunction-sections -fdata-sections -Wall -fstack-usage -MMD -MP -MF"Peripheral/Src/gpio.d" -MT"Peripheral/Src/gpio.o" --specs=nano.specs -mfloat-abi=soft -mthumb -o "Peripheral/Src/gpio.o"
arm-none-eabi-gcc "../Peripheral/Src/rcc.c" -mcpu=cortex-m3 -std=gnu11 -g3 -DDEBUG -DSTM32F103xB -c -I../Inc -I"D:/Git_Temple/STM32_F1_Register/4_Digit_Display _Counter/CMSIS/Include" -I"D:/Git_Temple/STM32_F1_Register/4_Digit_Display _Counter/Core/Inc" -I"D:/Git_Temple/STM32_F1_Register/4_Digit_Display _Counter/Peripheral/Inc" -I"D:/Git_Temple/STM32_F1_Register/4_Digit_Display _Counter/Application/4_digit_display/Inc" -O0 -ffunction-sections -fdata-sections -Wall -fstack-usage -MMD -MP -MF"Peripheral/Src/rcc.d" -MT"Peripheral/Src/rcc.o" --specs=nano.specs -mfloat-abi=soft -mthumb -o "Peripheral/Src/rcc.o"
arm-none-eabi-gcc "../Peripheral/Src/uart.c" -mcpu=cortex-m3 -std=gnu11 -g3 -DDEBUG -DSTM32F103xB -c -I../Inc -I"D:/Git_Temple/STM32_F1_Register/4_Digit_Display _Counter/CMSIS/Include" -I"D:/Git_Temple/STM32_F1_Register/4_Digit_Display _Counter/Core/Inc" -I"D:/Git_Temple/STM32_F1_Register/4_Digit_Display _Counter/Peripheral/Inc" -I"D:/Git_Temple/STM32_F1_Register/4_Digit_Display _Counter/Application/4_digit_display/Inc" -O0 -ffunction-sections -fdata-sections -Wall -fstack-usage -MMD -MP -MF"Peripheral/Src/uart.d" -MT"Peripheral/Src/uart.o" --specs=nano.specs -mfloat-abi=soft -mthumb -o "Peripheral/Src/uart.o"
arm-none-eabi-gcc "../Core/Src/main.c" -mcpu=cortex-m3 -std=gnu11 -g3 -DDEBUG -DSTM32F103xB -c -I../Inc -I"D:/Git_Temple/STM32_F1_Register/4_Digit_Display _Counter/CMSIS/Include" -I"D:/Git_Temple/STM32_F1_Register/4_Digit_Display _Counter/Core/Inc" -I"D:/Git_Temple/STM32_F1_Register/4_Digit_Display _Counter/Peripheral/Inc" -I"D:/Git_Temple/STM32_F1_Register/4_Digit_Display _Counter/Application/4_digit_display/Inc" -O0 -ffunction-sections -fdata-sections -Wall -fstack-usage -MMD -MP -MF"Core/Src/main.d" -MT"Core/Src/main.o" --specs=nano.specs -mfloat-abi=soft -mthumb -o "Core/Src/main.o"
arm-none-eabi-gcc "../Core/Src/printf_redirect.c" -mcpu=cortex-m3 -std=gnu11 -g3 -DDEBUG -DSTM32F103xB -c -I../Inc -I"D:/Git_Temple/STM32_F1_Register/4_Digit_Display _Counter/CMSIS/Include" -I"D:/Git_Temple/STM32_F1_Register/4_Digit_Display _Counter/Core/Inc" -I"D:/Git_Temple/STM32_F1_Register/4_Digit_Display _Counter/Peripheral/Inc" -I"D:/Git_Temple/STM32_F1_Register/4_Digit_Display _Counter/Application/4_digit_display/Inc" -O0 -ffunction-sections -fdata-sections -Wall -fstack-usage -MMD -MP -MF"Core/Src/printf_redirect.d" -MT"Core/Src/printf_redirect.o" --specs=nano.specs -mfloat-abi=soft -mthumb -o "Core/Src/printf_redirect.o"
arm-none-eabi-gcc "../Core/Src/system_stm32f1xx.c" -mcpu=cortex-m3 -std=gnu11 -g3 -DDEBUG -DSTM32F103xB -c -I../Inc -I"D:/Git_Temple/STM32_F1_Register/4_Digit_Display _Counter/CMSIS/Include" -I"D:/Git_Temple/STM32_F1_Register/4_Digit_Display _Counter/Core/Inc" -I"D:/Git_Temple/STM32_F1_Register/4_Digit_Display _Counter/Peripheral/Inc" -I"D:/Git_Temple/STM32_F1_Register/4_Digit_Display _Counter/Application/4_digit_display/Inc" -O0 -ffunction-sections -fdata-sections -Wall -fstack-usage -MMD -MP -MF"Core/Src/system_stm32f1xx.d" -MT"Core/Src/system_stm32f1xx.o" --specs=nano.specs -mfloat-abi=soft -mthumb -o "Core/Src/system_stm32f1xx.o"
arm-none-eabi-gcc "../Application/4_digit_display/Src/tm1637.c" -mcpu=cortex-m3 -std=gnu11 -g3 -DDEBUG -DSTM32F103xB -c -I../Inc -I"D:/Git_Temple/STM32_F1_Register/4_Digit_Display _Counter/CMSIS/Include" -I"D:/Git_Temple/STM32_F1_Register/4_Digit_Display _Counter/Core/Inc" -I"D:/Git_Temple/STM32_F1_Register/4_Digit_Display _Counter/Peripheral/Inc" -I"D:/Git_Temple/STM32_F1_Register/4_Digit_Display _Counter/Application/4_digit_display/Inc" -O0 -ffunction-sections -fdata-sections -Wall -fstack-usage -MMD -MP -MF"Application/4_digit_display/Src/tm1637.d" -MT"Application/4_digit_display/Src/tm1637.o" --specs=nano.specs -mfloat-abi=soft -mthumb -o "Application/4_digit_display/Src/tm1637.o"
arm-none-eabi-gcc -o "4_Digit_Display _Counter.elf" @"objects.list"   -mcpu=cortex-m3 -T"D:\Git_Temple\STM32_F1_Register\4_Digit_Display _Counter\STM32F103C8TX_FLASH.ld" --specs=nosys.specs -Wl,-Map="4_Digit_Display _Counter.map" -Wl,--gc-sections -static --specs=nano.specs -mfloat-abi=soft -mthumb -Wl,--start-group -lc -lm -Wl,--end-group
Finished building target: 4_Digit_Display _Counter.elf
 
arm-none-eabi-size   4_Digit_Display\ _Counter.elf 
arm-none-eabi-objdump -h -S  4_Digit_Display\ _Counter.elf  > "4_Digit_Display _Counter.list"
arm-none-eabi-objcopy  -O binary  4_Digit_Display\ _Counter.elf  "4_Digit_Display _Counter.bin"
   text	   data	    bss	    dec	    hex	filename
   7088	    120	   1608	   8816	   2270	4_Digit_Display _Counter.elf
Finished building: default.size.stdout
 
Finished building: 4_Digit_Display _Counter.bin
 
Finished building: 4_Digit_Display _Counter.list
 
