18:01:02 **** Incremental Build of configuration Debug for project TUT_DS3231_F103_CUBEIDE ****
make -j8 all 
arm-none-eabi-gcc "../Core/Src/i2c-lcd.c" -mcpu=cortex-m3 -std=gnu11 -g3 -DUSE_HAL_DRIVER -DSTM32F103xB -DDEBUG -c -I../Drivers/CMSIS/Device/ST/STM32F1xx/Include -I../Drivers/CMSIS/Include -I../Core/Inc -I../Drivers/STM32F1xx_HAL_Driver/Inc/Legacy -I../Drivers/STM32F1xx_HAL_Driver/Inc -O0 -ffunction-sections -fdata-sections -Wall -fstack-usage -MMD -MP -MF"Core/Src/i2c-lcd.d" -MT"Core/Src/i2c-lcd.o" --specs=nano.specs -mfloat-abi=soft -mthumb -o "Core/Src/i2c-lcd.o"
arm-none-eabi-gcc "../Core/Src/main.c" -mcpu=cortex-m3 -std=gnu11 -g3 -DUSE_HAL_DRIVER -DSTM32F103xB -DDEBUG -c -I../Drivers/CMSIS/Device/ST/STM32F1xx/Include -I../Drivers/CMSIS/Include -I../Core/Inc -I../Drivers/STM32F1xx_HAL_Driver/Inc/Legacy -I../Drivers/STM32F1xx_HAL_Driver/Inc -O0 -ffunction-sections -fdata-sections -Wall -fstack-usage -MMD -MP -MF"Core/Src/main.d" -MT"Core/Src/main.o" --specs=nano.specs -mfloat-abi=soft -mthumb -o "Core/Src/main.o"
arm-none-eabi-gcc -o "TUT_DS3231_F103_CUBEIDE.elf" @"objects.list"   -mcpu=cortex-m3 -T"D:\Git_Temple\STM32_F1_Register\TUT_DS3231_F103_CUBEIDE\STM32F103C8TX_FLASH.ld" --specs=nosys.specs -Wl,-Map="TUT_DS3231_F103_CUBEIDE.map" -Wl,--gc-sections -static --specs=nano.specs -mfloat-abi=soft -mthumb -u _printf_float -Wl,--start-group -lc -lm -Wl,--end-group
Finished building target: TUT_DS3231_F103_CUBEIDE.elf
 
arm-none-eabi-size   TUT_DS3231_F103_CUBEIDE.elf 
arm-none-eabi-objdump -h -S  TUT_DS3231_F103_CUBEIDE.elf  > "TUT_DS3231_F103_CUBEIDE.list"
arm-none-eabi-objcopy  -O binary  TUT_DS3231_F103_CUBEIDE.elf  "TUT_DS3231_F103_CUBEIDE.bin"
   text	   data	    bss	    dec	    hex	filename
  26068	    484	   1708	  28260	   6e64	TUT_DS3231_F103_CUBEIDE.elf
Finished building: default.size.stdout
 
Finished building: TUT_DS3231_F103_CUBEIDE.bin
 
Finished building: TUT_DS3231_F103_CUBEIDE.list
 

18:01:03 Build Finished. 0 errors, 0 warnings. (took 1s.236ms)

